(0008,0050) SH  00000
(0008,0005) CS  [ISO_IR 100]
(0010,0010) PN  SIERRA^RUDOLPH
(0010,0020) LO  00000098
(0010,0030) DA  19280413
(0010,0040) CS  M
(0010,2000) LO  METASTASIS
(0010,2110) LO  TANTAL
(0020,000d) UI  1.2.276.0.7230010.3.2.101
(0032,1032) PN  SMITH
(0032,1060) LO  EXAM6
