{ "id": "2143",
  "given_name": "Thomas",
  "last_name": "Lee",
  "gender": "male",
  "title": "Dr.",
  "born_on": "1969-08-29",
  "name_prefix": ""
}
