{ "id": "8",
  "given_name": "Ursula",
  "last_name": "Konietzki",
  "gender": "female",
  "born_on": "1942-04-04",
  "name_prefix": "",
  "title": ""
}
